Archive member included because of file (symbol)

d:/embaded_course/imt_embaded_materiels/01_embedded_systems_avr_tools/01__imt_sdk/imt_sdk_win_64/winavr/bin/../lib/gcc/avr/4.3.3/avr5\libgcc.a(_mulsi3.o)
                              ./Lcd.o (__mulsi3)
d:/embaded_course/imt_embaded_materiels/01_embedded_systems_avr_tools/01__imt_sdk/imt_sdk_win_64/winavr/bin/../lib/gcc/avr/4.3.3/avr5\libgcc.a(_udivmodqi4.o)
                              ./main.o (__udivmodqi4)
d:/embaded_course/imt_embaded_materiels/01_embedded_systems_avr_tools/01__imt_sdk/imt_sdk_win_64/winavr/bin/../lib/gcc/avr/4.3.3/avr5\libgcc.a(_udivmodsi4.o)
                              ./Lcd.o (__udivmodsi4)
d:/embaded_course/imt_embaded_materiels/01_embedded_systems_avr_tools/01__imt_sdk/imt_sdk_win_64/winavr/bin/../lib/gcc/avr/4.3.3/avr5\libgcc.a(_divmodsi4.o)
                              ./Lcd.o (__divmodsi4)
d:/embaded_course/imt_embaded_materiels/01_embedded_systems_avr_tools/01__imt_sdk/imt_sdk_win_64/winavr/bin/../lib/gcc/avr/4.3.3/avr5\libgcc.a(_exit.o)
                              d:/embaded_course/imt_embaded_materiels/01_embedded_systems_avr_tools/01__imt_sdk/imt_sdk_win_64/winavr/bin/../lib/gcc/avr/4.3.3/../../../../avr/lib/avr5/crtm32.o (exit)
d:/embaded_course/imt_embaded_materiels/01_embedded_systems_avr_tools/01__imt_sdk/imt_sdk_win_64/winavr/bin/../lib/gcc/avr/4.3.3/avr5\libgcc.a(_copy_data.o)
                              ./APPuser_program.o (__do_copy_data)
d:/embaded_course/imt_embaded_materiels/01_embedded_systems_avr_tools/01__imt_sdk/imt_sdk_win_64/winavr/bin/../lib/gcc/avr/4.3.3/avr5\libgcc.a(_clear_bss.o)
                              ./Timer1_program.o (__do_clear_bss)
d:/embaded_course/imt_embaded_materiels/01_embedded_systems_avr_tools/01__imt_sdk/imt_sdk_win_64/winavr/bin/../lib/gcc/avr/4.3.3/avr5\libgcc.a(_fixunssfsi.o)
                              ./APPuser_program.o (__fixunssfsi)
d:/embaded_course/imt_embaded_materiels/01_embedded_systems_avr_tools/01__imt_sdk/imt_sdk_win_64/winavr/bin/../lib/gcc/avr/4.3.3/avr5\libgcc.a(_addsub_sf.o)
                              d:/embaded_course/imt_embaded_materiels/01_embedded_systems_avr_tools/01__imt_sdk/imt_sdk_win_64/winavr/bin/../lib/gcc/avr/4.3.3/avr5\libgcc.a(_fixunssfsi.o) (__subsf3)
d:/embaded_course/imt_embaded_materiels/01_embedded_systems_avr_tools/01__imt_sdk/imt_sdk_win_64/winavr/bin/../lib/gcc/avr/4.3.3/avr5\libgcc.a(_mul_sf.o)
                              ./APPuser_program.o (__mulsf3)
d:/embaded_course/imt_embaded_materiels/01_embedded_systems_avr_tools/01__imt_sdk/imt_sdk_win_64/winavr/bin/../lib/gcc/avr/4.3.3/avr5\libgcc.a(_gt_sf.o)
                              ./APPuser_program.o (__gtsf2)
d:/embaded_course/imt_embaded_materiels/01_embedded_systems_avr_tools/01__imt_sdk/imt_sdk_win_64/winavr/bin/../lib/gcc/avr/4.3.3/avr5\libgcc.a(_ge_sf.o)
                              d:/embaded_course/imt_embaded_materiels/01_embedded_systems_avr_tools/01__imt_sdk/imt_sdk_win_64/winavr/bin/../lib/gcc/avr/4.3.3/avr5\libgcc.a(_fixunssfsi.o) (__gesf2)
d:/embaded_course/imt_embaded_materiels/01_embedded_systems_avr_tools/01__imt_sdk/imt_sdk_win_64/winavr/bin/../lib/gcc/avr/4.3.3/avr5\libgcc.a(_lt_sf.o)
                              ./APPuser_program.o (__ltsf2)
d:/embaded_course/imt_embaded_materiels/01_embedded_systems_avr_tools/01__imt_sdk/imt_sdk_win_64/winavr/bin/../lib/gcc/avr/4.3.3/avr5\libgcc.a(_sf_to_si.o)
                              d:/embaded_course/imt_embaded_materiels/01_embedded_systems_avr_tools/01__imt_sdk/imt_sdk_win_64/winavr/bin/../lib/gcc/avr/4.3.3/avr5\libgcc.a(_fixunssfsi.o) (__fixsfsi)
d:/embaded_course/imt_embaded_materiels/01_embedded_systems_avr_tools/01__imt_sdk/imt_sdk_win_64/winavr/bin/../lib/gcc/avr/4.3.3/avr5\libgcc.a(_thenan_sf.o)
                              d:/embaded_course/imt_embaded_materiels/01_embedded_systems_avr_tools/01__imt_sdk/imt_sdk_win_64/winavr/bin/../lib/gcc/avr/4.3.3/avr5\libgcc.a(_addsub_sf.o) (__thenan_sf)
d:/embaded_course/imt_embaded_materiels/01_embedded_systems_avr_tools/01__imt_sdk/imt_sdk_win_64/winavr/bin/../lib/gcc/avr/4.3.3/avr5\libgcc.a(_prologue.o)
                              d:/embaded_course/imt_embaded_materiels/01_embedded_systems_avr_tools/01__imt_sdk/imt_sdk_win_64/winavr/bin/../lib/gcc/avr/4.3.3/avr5\libgcc.a(_addsub_sf.o) (__prologue_saves__)
d:/embaded_course/imt_embaded_materiels/01_embedded_systems_avr_tools/01__imt_sdk/imt_sdk_win_64/winavr/bin/../lib/gcc/avr/4.3.3/avr5\libgcc.a(_epilogue.o)
                              d:/embaded_course/imt_embaded_materiels/01_embedded_systems_avr_tools/01__imt_sdk/imt_sdk_win_64/winavr/bin/../lib/gcc/avr/4.3.3/avr5\libgcc.a(_addsub_sf.o) (__epilogue_restores__)
d:/embaded_course/imt_embaded_materiels/01_embedded_systems_avr_tools/01__imt_sdk/imt_sdk_win_64/winavr/bin/../lib/gcc/avr/4.3.3/avr5\libgcc.a(_pack_sf.o)
                              d:/embaded_course/imt_embaded_materiels/01_embedded_systems_avr_tools/01__imt_sdk/imt_sdk_win_64/winavr/bin/../lib/gcc/avr/4.3.3/avr5\libgcc.a(_addsub_sf.o) (__pack_f)
d:/embaded_course/imt_embaded_materiels/01_embedded_systems_avr_tools/01__imt_sdk/imt_sdk_win_64/winavr/bin/../lib/gcc/avr/4.3.3/avr5\libgcc.a(_unpack_sf.o)
                              d:/embaded_course/imt_embaded_materiels/01_embedded_systems_avr_tools/01__imt_sdk/imt_sdk_win_64/winavr/bin/../lib/gcc/avr/4.3.3/avr5\libgcc.a(_addsub_sf.o) (__unpack_f)
d:/embaded_course/imt_embaded_materiels/01_embedded_systems_avr_tools/01__imt_sdk/imt_sdk_win_64/winavr/bin/../lib/gcc/avr/4.3.3/avr5\libgcc.a(_fpcmp_parts_sf.o)
                              d:/embaded_course/imt_embaded_materiels/01_embedded_systems_avr_tools/01__imt_sdk/imt_sdk_win_64/winavr/bin/../lib/gcc/avr/4.3.3/avr5\libgcc.a(_gt_sf.o) (__fpcmp_parts_f)
d:/embaded_course/imt_embaded_materiels/01_embedded_systems_avr_tools/01__imt_sdk/imt_sdk_win_64/winavr/bin/../lib/gcc/avr/4.3.3/../../../../avr/lib/avr5\libc.a(eerd_byte_atmega32.o)
                              ./APPuser_program.o (__eerd_byte_m32)
d:/embaded_course/imt_embaded_materiels/01_embedded_systems_avr_tools/01__imt_sdk/imt_sdk_win_64/winavr/bin/../lib/gcc/avr/4.3.3/../../../../avr/lib/avr5\libc.a(eewr_byte_atmega32.o)
                              ./APPuser_program.o (__eewr_byte_m32)

Memory Configuration

Name             Origin             Length             Attributes
text             0x00000000         0x00020000         xr
data             0x00800060         0x0000ffa0         rw !x
eeprom           0x00810000         0x00010000         rw !x
fuse             0x00820000         0x00000400         rw !x
lock             0x00830000         0x00000400         rw !x
signature        0x00840000         0x00000400         rw !x
*default*        0x00000000         0xffffffff

Linker script and memory map

LOAD d:/embaded_course/imt_embaded_materiels/01_embedded_systems_avr_tools/01__imt_sdk/imt_sdk_win_64/winavr/bin/../lib/gcc/avr/4.3.3/../../../../avr/lib/avr5/crtm32.o
LOAD ./APPuser_program.o
LOAD ./DIO_Program.o
LOAD ./Dio.o
LOAD ./GIE_program.o
LOAD ./Lcd.o
LOAD ./Timer1_program.o
LOAD ./USART_program.o
LOAD ./app2_program.o
LOAD ./main.o
LOAD ./smart_door_program.o
LOAD d:/embaded_course/imt_embaded_materiels/01_embedded_systems_avr_tools/01__imt_sdk/imt_sdk_win_64/winavr/bin/../lib/gcc/avr/4.3.3/avr5\libgcc.a
LOAD d:/embaded_course/imt_embaded_materiels/01_embedded_systems_avr_tools/01__imt_sdk/imt_sdk_win_64/winavr/bin/../lib/gcc/avr/4.3.3/../../../../avr/lib/avr5\libc.a
LOAD d:/embaded_course/imt_embaded_materiels/01_embedded_systems_avr_tools/01__imt_sdk/imt_sdk_win_64/winavr/bin/../lib/gcc/avr/4.3.3/avr5\libgcc.a

.hash
 *(.hash)

.dynsym
 *(.dynsym)

.dynstr
 *(.dynstr)

.gnu.version
 *(.gnu.version)

.gnu.version_d
 *(.gnu.version_d)

.gnu.version_r
 *(.gnu.version_r)

.rel.init
 *(.rel.init)

.rela.init
 *(.rela.init)

.rel.text
 *(.rel.text)
 *(.rel.text.*)
 *(.rel.gnu.linkonce.t*)

.rela.text
 *(.rela.text)
 *(.rela.text.*)
 *(.rela.gnu.linkonce.t*)

.rel.fini
 *(.rel.fini)

.rela.fini
 *(.rela.fini)

.rel.rodata
 *(.rel.rodata)
 *(.rel.rodata.*)
 *(.rel.gnu.linkonce.r*)

.rela.rodata
 *(.rela.rodata)
 *(.rela.rodata.*)
 *(.rela.gnu.linkonce.r*)

.rel.data
 *(.rel.data)
 *(.rel.data.*)
 *(.rel.gnu.linkonce.d*)

.rela.data
 *(.rela.data)
 *(.rela.data.*)
 *(.rela.gnu.linkonce.d*)

.rel.ctors
 *(.rel.ctors)

.rela.ctors
 *(.rela.ctors)

.rel.dtors
 *(.rel.dtors)

.rela.dtors
 *(.rela.dtors)

.rel.got
 *(.rel.got)

.rela.got
 *(.rela.got)

.rel.bss
 *(.rel.bss)

.rela.bss
 *(.rela.bss)

.rel.plt
 *(.rel.plt)

.rela.plt
 *(.rela.plt)

.text           0x00000000     0x35d8
 *(.vectors)
 .vectors       0x00000000       0x54 d:/embaded_course/imt_embaded_materiels/01_embedded_systems_avr_tools/01__imt_sdk/imt_sdk_win_64/winavr/bin/../lib/gcc/avr/4.3.3/../../../../avr/lib/avr5/crtm32.o
                0x00000000                __vectors
                0x00000000                __vector_default
 *(.vectors)
 *(.progmem.gcc*)
 *(.progmem*)
                0x00000054                . = ALIGN (0x2)
                0x00000054                __trampolines_start = .
 *(.trampolines)
 .trampolines   0x00000054        0x0 linker stubs
 *(.trampolines*)
                0x00000054                __trampolines_end = .
 *(.jumptables)
 *(.jumptables*)
 *(.lowtext)
 *(.lowtext*)
                0x00000054                __ctors_start = .
 *(.ctors)
                0x00000054                __ctors_end = .
                0x00000054                __dtors_start = .
 *(.dtors)
                0x00000054                __dtors_end = .
 SORT(*)(.ctors)
 SORT(*)(.dtors)
 *(.init0)
 .init0         0x00000054        0x0 d:/embaded_course/imt_embaded_materiels/01_embedded_systems_avr_tools/01__imt_sdk/imt_sdk_win_64/winavr/bin/../lib/gcc/avr/4.3.3/../../../../avr/lib/avr5/crtm32.o
                0x00000054                __init
 *(.init0)
 *(.init1)
 *(.init1)
 *(.init2)
 .init2         0x00000054        0xc d:/embaded_course/imt_embaded_materiels/01_embedded_systems_avr_tools/01__imt_sdk/imt_sdk_win_64/winavr/bin/../lib/gcc/avr/4.3.3/../../../../avr/lib/avr5/crtm32.o
 *(.init2)
 *(.init3)
 *(.init3)
 *(.init4)
 .init4         0x00000060       0x16 d:/embaded_course/imt_embaded_materiels/01_embedded_systems_avr_tools/01__imt_sdk/imt_sdk_win_64/winavr/bin/../lib/gcc/avr/4.3.3/avr5\libgcc.a(_copy_data.o)
                0x00000060                __do_copy_data
 .init4         0x00000076       0x10 d:/embaded_course/imt_embaded_materiels/01_embedded_systems_avr_tools/01__imt_sdk/imt_sdk_win_64/winavr/bin/../lib/gcc/avr/4.3.3/avr5\libgcc.a(_clear_bss.o)
                0x00000076                __do_clear_bss
 *(.init4)
 *(.init5)
 *(.init5)
 *(.init6)
 *(.init6)
 *(.init7)
 *(.init7)
 *(.init8)
 *(.init8)
 *(.init9)
 .init9         0x00000086        0x8 d:/embaded_course/imt_embaded_materiels/01_embedded_systems_avr_tools/01__imt_sdk/imt_sdk_win_64/winavr/bin/../lib/gcc/avr/4.3.3/../../../../avr/lib/avr5/crtm32.o
 *(.init9)
 *(.text)
 .text          0x0000008e        0x4 d:/embaded_course/imt_embaded_materiels/01_embedded_systems_avr_tools/01__imt_sdk/imt_sdk_win_64/winavr/bin/../lib/gcc/avr/4.3.3/../../../../avr/lib/avr5/crtm32.o
                0x0000008e                __vector_1
                0x0000008e                __vector_12
                0x0000008e                __bad_interrupt
                0x0000008e                __vector_6
                0x0000008e                __vector_3
                0x0000008e                __vector_11
                0x0000008e                __vector_13
                0x0000008e                __vector_17
                0x0000008e                __vector_19
                0x0000008e                __vector_7
                0x0000008e                __vector_5
                0x0000008e                __vector_4
                0x0000008e                __vector_9
                0x0000008e                __vector_2
                0x0000008e                __vector_15
                0x0000008e                __vector_8
                0x0000008e                __vector_14
                0x0000008e                __vector_10
                0x0000008e                __vector_16
                0x0000008e                __vector_18
                0x0000008e                __vector_20
 .text          0x00000092        0x0 ./APPuser_program.o
 .text          0x00000092        0x0 ./DIO_Program.o
 .text          0x00000092        0x0 ./Dio.o
 .text          0x00000092        0x0 ./GIE_program.o
 .text          0x00000092        0x0 ./Lcd.o
 .text          0x00000092        0x0 ./Timer1_program.o
 .text          0x00000092        0x0 ./USART_program.o
 .text          0x00000092        0x0 ./app2_program.o
 .text          0x00000092        0x0 ./main.o
 .text          0x00000092        0x0 ./smart_door_program.o
 .text          0x00000092        0x0 d:/embaded_course/imt_embaded_materiels/01_embedded_systems_avr_tools/01__imt_sdk/imt_sdk_win_64/winavr/bin/../lib/gcc/avr/4.3.3/avr5\libgcc.a(_mulsi3.o)
 .text          0x00000092        0x0 d:/embaded_course/imt_embaded_materiels/01_embedded_systems_avr_tools/01__imt_sdk/imt_sdk_win_64/winavr/bin/../lib/gcc/avr/4.3.3/avr5\libgcc.a(_udivmodqi4.o)
 .text          0x00000092        0x0 d:/embaded_course/imt_embaded_materiels/01_embedded_systems_avr_tools/01__imt_sdk/imt_sdk_win_64/winavr/bin/../lib/gcc/avr/4.3.3/avr5\libgcc.a(_udivmodsi4.o)
 .text          0x00000092        0x0 d:/embaded_course/imt_embaded_materiels/01_embedded_systems_avr_tools/01__imt_sdk/imt_sdk_win_64/winavr/bin/../lib/gcc/avr/4.3.3/avr5\libgcc.a(_divmodsi4.o)
 .text          0x00000092        0x0 d:/embaded_course/imt_embaded_materiels/01_embedded_systems_avr_tools/01__imt_sdk/imt_sdk_win_64/winavr/bin/../lib/gcc/avr/4.3.3/avr5\libgcc.a(_exit.o)
 .text          0x00000092        0x0 d:/embaded_course/imt_embaded_materiels/01_embedded_systems_avr_tools/01__imt_sdk/imt_sdk_win_64/winavr/bin/../lib/gcc/avr/4.3.3/avr5\libgcc.a(_copy_data.o)
 .text          0x00000092        0x0 d:/embaded_course/imt_embaded_materiels/01_embedded_systems_avr_tools/01__imt_sdk/imt_sdk_win_64/winavr/bin/../lib/gcc/avr/4.3.3/avr5\libgcc.a(_clear_bss.o)
 .text          0x00000092       0x58 d:/embaded_course/imt_embaded_materiels/01_embedded_systems_avr_tools/01__imt_sdk/imt_sdk_win_64/winavr/bin/../lib/gcc/avr/4.3.3/avr5\libgcc.a(_fixunssfsi.o)
                0x00000092                __fixunssfsi
 .text          0x000000ea      0x354 d:/embaded_course/imt_embaded_materiels/01_embedded_systems_avr_tools/01__imt_sdk/imt_sdk_win_64/winavr/bin/../lib/gcc/avr/4.3.3/avr5\libgcc.a(_addsub_sf.o)
                0x00000382                __subsf3
                0x000003e4                __addsf3
 .text          0x0000043e      0x1f4 d:/embaded_course/imt_embaded_materiels/01_embedded_systems_avr_tools/01__imt_sdk/imt_sdk_win_64/winavr/bin/../lib/gcc/avr/4.3.3/avr5\libgcc.a(_mul_sf.o)
                0x0000043e                __mulsf3
 .text          0x00000632       0x60 d:/embaded_course/imt_embaded_materiels/01_embedded_systems_avr_tools/01__imt_sdk/imt_sdk_win_64/winavr/bin/../lib/gcc/avr/4.3.3/avr5\libgcc.a(_gt_sf.o)
                0x00000632                __gtsf2
 .text          0x00000692       0x60 d:/embaded_course/imt_embaded_materiels/01_embedded_systems_avr_tools/01__imt_sdk/imt_sdk_win_64/winavr/bin/../lib/gcc/avr/4.3.3/avr5\libgcc.a(_ge_sf.o)
                0x00000692                __gesf2
 .text          0x000006f2       0x60 d:/embaded_course/imt_embaded_materiels/01_embedded_systems_avr_tools/01__imt_sdk/imt_sdk_win_64/winavr/bin/../lib/gcc/avr/4.3.3/avr5\libgcc.a(_lt_sf.o)
                0x000006f2                __ltsf2
 .text          0x00000752       0xa8 d:/embaded_course/imt_embaded_materiels/01_embedded_systems_avr_tools/01__imt_sdk/imt_sdk_win_64/winavr/bin/../lib/gcc/avr/4.3.3/avr5\libgcc.a(_sf_to_si.o)
                0x00000752                __fixsfsi
 .text          0x000007fa        0x0 d:/embaded_course/imt_embaded_materiels/01_embedded_systems_avr_tools/01__imt_sdk/imt_sdk_win_64/winavr/bin/../lib/gcc/avr/4.3.3/avr5\libgcc.a(_thenan_sf.o)
 .text          0x000007fa        0x0 d:/embaded_course/imt_embaded_materiels/01_embedded_systems_avr_tools/01__imt_sdk/imt_sdk_win_64/winavr/bin/../lib/gcc/avr/4.3.3/avr5\libgcc.a(_prologue.o)
 .text          0x000007fa        0x0 d:/embaded_course/imt_embaded_materiels/01_embedded_systems_avr_tools/01__imt_sdk/imt_sdk_win_64/winavr/bin/../lib/gcc/avr/4.3.3/avr5\libgcc.a(_epilogue.o)
 .text          0x000007fa      0x1aa d:/embaded_course/imt_embaded_materiels/01_embedded_systems_avr_tools/01__imt_sdk/imt_sdk_win_64/winavr/bin/../lib/gcc/avr/4.3.3/avr5\libgcc.a(_pack_sf.o)
                0x000007fa                __pack_f
 .text          0x000009a4       0xf0 d:/embaded_course/imt_embaded_materiels/01_embedded_systems_avr_tools/01__imt_sdk/imt_sdk_win_64/winavr/bin/../lib/gcc/avr/4.3.3/avr5\libgcc.a(_unpack_sf.o)
                0x000009a4                __unpack_f
 .text          0x00000a94       0xb2 d:/embaded_course/imt_embaded_materiels/01_embedded_systems_avr_tools/01__imt_sdk/imt_sdk_win_64/winavr/bin/../lib/gcc/avr/4.3.3/avr5\libgcc.a(_fpcmp_parts_sf.o)
                0x00000a94                __fpcmp_parts_f
 .text          0x00000b46        0x0 d:/embaded_course/imt_embaded_materiels/01_embedded_systems_avr_tools/01__imt_sdk/imt_sdk_win_64/winavr/bin/../lib/gcc/avr/4.3.3/../../../../avr/lib/avr5\libc.a(eerd_byte_atmega32.o)
 .text          0x00000b46        0x0 d:/embaded_course/imt_embaded_materiels/01_embedded_systems_avr_tools/01__imt_sdk/imt_sdk_win_64/winavr/bin/../lib/gcc/avr/4.3.3/../../../../avr/lib/avr5\libc.a(eewr_byte_atmega32.o)
                0x00000b46                . = ALIGN (0x2)
 *(.text.*)
 .text.APP1_u8ReseveNameAndCheck
                0x00000b46      0x1ee ./APPuser_program.o
                0x00000b46                APP1_u8ReseveNameAndCheck
 .text.APP_u8ReseveUserPasswordAndCheck
                0x00000d34       0xe2 ./APPuser_program.o
                0x00000d34                APP_u8ReseveUserPasswordAndCheck
 .text.APP_voidReseveUserNameAndWrite
                0x00000e16       0xa2 ./APPuser_program.o
                0x00000e16                APP_voidReseveUserNameAndWrite
 .text.APP_voidReseverUserPassAndWrite
                0x00000eb8       0x9a ./APPuser_program.o
                0x00000eb8                APP_voidReseverUserPassAndWrite
 .text.APP_voidAllPassesInit
                0x00000f52      0x104 ./APPuser_program.o
                0x00000f52                APP_voidAllPassesInit
 .text.APP_voidAllUserNamesInit
                0x00001056      0x10c ./APPuser_program.o
                0x00001056                APP_voidAllUserNamesInit
 .text.DIO_VoidSetPinDirection
                0x00001162      0x208 ./DIO_Program.o
                0x00001162                DIO_VoidSetPinDirection
 .text.DIO_VoidSetPortDirection
                0x0000136a       0x82 ./DIO_Program.o
                0x0000136a                DIO_VoidSetPortDirection
 .text.DIO_VoidSetPinValue
                0x000013ec      0x208 ./DIO_Program.o
                0x000013ec                DIO_VoidSetPinValue
 .text.DIO_VoidSetPortValue
                0x000015f4       0x82 ./DIO_Program.o
                0x000015f4                DIO_VoidSetPortValue
 .text.DIO_u8GetPinValue
                0x00001676       0xf4 ./DIO_Program.o
                0x00001676                DIO_u8GetPinValue
 .text.Dio_SetPinMode
                0x0000176a      0x420 ./Dio.o
                0x0000176a                Dio_SetPinMode
 .text.Dio_SetPinLevel
                0x00001b8a      0x200 ./Dio.o
                0x00001b8a                Dio_SetPinLevel
 .text.Dio_FlipPinLevel
                0x00001d8a      0x18c ./Dio.o
                0x00001d8a                Dio_FlipPinLevel
 .text.Dio_ReadPinLevel
                0x00001f16      0x118 ./Dio.o
                0x00001f16                Dio_ReadPinLevel
 .text.Dio_SetPortMode
                0x0000202e       0x82 ./Dio.o
                0x0000202e                Dio_SetPortMode
 .text.Dio_SetPortLevel
                0x000020b0       0x82 ./Dio.o
                0x000020b0                Dio_SetPortLevel
 .text.Dio_ReadPortLevel
                0x00002132       0x84 ./Dio.o
                0x00002132                Dio_ReadPortLevel
 .text.GIE_voidEnable
                0x000021b6       0x1c ./GIE_program.o
                0x000021b6                GIE_voidEnable
 .text.GIE_voidDisable
                0x000021d2       0x1c ./GIE_program.o
                0x000021d2                GIE_voidDisable
 .text.Lcd_Init
                0x000021ee      0x12e ./Lcd.o
                0x000021ee                Lcd_Init
 .text.Lcd_DisplayClear
                0x0000231c       0x14 ./Lcd.o
                0x0000231c                Lcd_DisplayClear
 .text.Lcd_DisplayCharacter
                0x00002330       0x1a ./Lcd.o
                0x00002330                Lcd_DisplayCharacter
 .text.Lcd_DisplayString
                0x0000234a       0x38 ./Lcd.o
                0x0000234a                Lcd_DisplayString
 .text.Lcd_SetCursorPosition
                0x00002382       0x48 ./Lcd.o
                0x00002382                Lcd_SetCursorPosition
 .text.Lcd_DisplayControl
                0x000023ca       0xa6 ./Lcd.o
                0x000023ca                Lcd_DisplayControl
 .text.Lcd_DisplayNumber
                0x00002470      0x14e ./Lcd.o
                0x00002470                Lcd_DisplayNumber
 .text.Lcd_DisplayShiftLeft
                0x000025be       0x2e ./Lcd.o
                0x000025be                Lcd_DisplayShiftLeft
 .text.Lcd_DisplayShiftRight
                0x000025ec       0x2e ./Lcd.o
                0x000025ec                Lcd_DisplayShiftRight
 .text.Lcd_ReturnHome
                0x0000261a       0x14 ./Lcd.o
                0x0000261a                Lcd_ReturnHome
 .text.Lcd_SendCommand
                0x0000262e      0x1d6 ./Lcd.o
 .text.Lcd_SendData
                0x00002804      0x1d6 ./Lcd.o
 .text.Lcd_InitPins
                0x000029da       0x7c ./Lcd.o
 .text.Lcd_DrawSpeicalCharacter
                0x00002a56       0x84 ./Lcd.o
                0x00002a56                Lcd_DrawSpeicalCharacter
 .text.TIMER1_voidInit
                0x00002ada       0xc4 ./Timer1_program.o
                0x00002ada                TIMER1_voidInit
 .text.TIMER1_voidSetTopVal
                0x00002b9e       0x24 ./Timer1_program.o
                0x00002b9e                TIMER1_voidSetTopVal
 .text.TIMER1_voidSetCompareMatchVal
                0x00002bc2       0x24 ./Timer1_program.o
                0x00002bc2                TIMER1_voidSetCompareMatchVal
 .text.TIMER1_u8returnCompareMatchVal
                0x00002be6       0x16 ./Timer1_program.o
                0x00002be6                TIMER1_u8returnCompareMatchVal
 .text.ICU_voidICUInit
                0x00002bfc       0x38 ./Timer1_program.o
                0x00002bfc                ICU_voidICUInit
 .text.ICU_u8EdgeSelect
                0x00002c34       0x62 ./Timer1_program.o
                0x00002c34                ICU_u8EdgeSelect
 .text.ICU_u16ICURead
                0x00002c96       0x16 ./Timer1_program.o
                0x00002c96                ICU_u16ICURead
 .text.ICU_voidInterruptEnable
                0x00002cac       0x1c ./Timer1_program.o
                0x00002cac                ICU_voidInterruptEnable
 .text.ICU_voidInterruptDisable
                0x00002cc8       0x1c ./Timer1_program.o
                0x00002cc8                ICU_voidInterruptDisable
 .text.TIMER1_voidSetCallBack
                0x00002ce4       0x2c ./Timer1_program.o
                0x00002ce4                TIMER1_voidSetCallBack
 .text.USART_voidInit
                0x00002d10       0x48 ./USART_program.o
                0x00002d10                USART_voidInit
 .text.USART_voidSendData
                0x00002d58       0x34 ./USART_program.o
                0x00002d58                USART_voidSendData
 .text.USART_u8Receive
                0x00002d8c       0x1e ./USART_program.o
                0x00002d8c                USART_u8Receive
 .text.USART_u8SendString
                0x00002daa       0x38 ./USART_program.o
                0x00002daa                USART_u8SendString
 .text.option_voidChooseOptione
                0x00002de2      0x3a0 ./app2_program.o
                0x00002de2                option_voidChooseOptione
 .text.option_voidoptionInit
                0x00003182       0x66 ./app2_program.o
                0x00003182                option_voidoptionInit
 .text.main     0x000031e8      0x234 ./main.o
                0x000031e8                main
 .text.DOOR_voidDOORInit
                0x0000341c       0x24 ./smart_door_program.o
                0x0000341c                DOOR_voidDOORInit
 .text.DOOR_voidOpenDoor
                0x00003440       0x16 ./smart_door_program.o
                0x00003440                DOOR_voidOpenDoor
 .text.DOOR_voidCloseDoor
                0x00003456       0x16 ./smart_door_program.o
                0x00003456                DOOR_voidCloseDoor
 .text.libgcc   0x0000346c       0x3e d:/embaded_course/imt_embaded_materiels/01_embedded_systems_avr_tools/01__imt_sdk/imt_sdk_win_64/winavr/bin/../lib/gcc/avr/4.3.3/avr5\libgcc.a(_mulsi3.o)
                0x0000346c                __mulsi3
 .text.libgcc   0x000034aa       0x18 d:/embaded_course/imt_embaded_materiels/01_embedded_systems_avr_tools/01__imt_sdk/imt_sdk_win_64/winavr/bin/../lib/gcc/avr/4.3.3/avr5\libgcc.a(_udivmodqi4.o)
                0x000034aa                __udivmodqi4
 .text.libgcc   0x000034c2       0x44 d:/embaded_course/imt_embaded_materiels/01_embedded_systems_avr_tools/01__imt_sdk/imt_sdk_win_64/winavr/bin/../lib/gcc/avr/4.3.3/avr5\libgcc.a(_udivmodsi4.o)
                0x000034c2                __udivmodsi4
 .text.libgcc   0x00003506       0x36 d:/embaded_course/imt_embaded_materiels/01_embedded_systems_avr_tools/01__imt_sdk/imt_sdk_win_64/winavr/bin/../lib/gcc/avr/4.3.3/avr5\libgcc.a(_divmodsi4.o)
                0x00003506                __divmodsi4
 .text.libgcc   0x0000353c        0x0 d:/embaded_course/imt_embaded_materiels/01_embedded_systems_avr_tools/01__imt_sdk/imt_sdk_win_64/winavr/bin/../lib/gcc/avr/4.3.3/avr5\libgcc.a(_exit.o)
 .text.libgcc   0x0000353c        0x0 d:/embaded_course/imt_embaded_materiels/01_embedded_systems_avr_tools/01__imt_sdk/imt_sdk_win_64/winavr/bin/../lib/gcc/avr/4.3.3/avr5\libgcc.a(_copy_data.o)
 .text.libgcc   0x0000353c        0x0 d:/embaded_course/imt_embaded_materiels/01_embedded_systems_avr_tools/01__imt_sdk/imt_sdk_win_64/winavr/bin/../lib/gcc/avr/4.3.3/avr5\libgcc.a(_clear_bss.o)
 .text.libgcc   0x0000353c       0x38 d:/embaded_course/imt_embaded_materiels/01_embedded_systems_avr_tools/01__imt_sdk/imt_sdk_win_64/winavr/bin/../lib/gcc/avr/4.3.3/avr5\libgcc.a(_prologue.o)
                0x0000353c                __prologue_saves__
 .text.libgcc   0x00003574       0x36 d:/embaded_course/imt_embaded_materiels/01_embedded_systems_avr_tools/01__imt_sdk/imt_sdk_win_64/winavr/bin/../lib/gcc/avr/4.3.3/avr5\libgcc.a(_epilogue.o)
                0x00003574                __epilogue_restores__
 .text.avr-libc
                0x000035aa       0x10 d:/embaded_course/imt_embaded_materiels/01_embedded_systems_avr_tools/01__imt_sdk/imt_sdk_win_64/winavr/bin/../lib/gcc/avr/4.3.3/../../../../avr/lib/avr5\libc.a(eerd_byte_atmega32.o)
                0x000035aa                __eerd_byte_m32
 .text.avr-libc
                0x000035ba       0x1a d:/embaded_course/imt_embaded_materiels/01_embedded_systems_avr_tools/01__imt_sdk/imt_sdk_win_64/winavr/bin/../lib/gcc/avr/4.3.3/../../../../avr/lib/avr5\libc.a(eewr_byte_atmega32.o)
                0x000035bc                __eewr_r18_m32
                0x000035ba                __eewr_byte_m32
                0x000035d4                . = ALIGN (0x2)
 *(.fini9)
 .fini9         0x000035d4        0x0 d:/embaded_course/imt_embaded_materiels/01_embedded_systems_avr_tools/01__imt_sdk/imt_sdk_win_64/winavr/bin/../lib/gcc/avr/4.3.3/avr5\libgcc.a(_exit.o)
                0x000035d4                exit
                0x000035d4                _exit
 *(.fini9)
 *(.fini8)
 *(.fini8)
 *(.fini7)
 *(.fini7)
 *(.fini6)
 *(.fini6)
 *(.fini5)
 *(.fini5)
 *(.fini4)
 *(.fini4)
 *(.fini3)
 *(.fini3)
 *(.fini2)
 *(.fini2)
 *(.fini1)
 *(.fini1)
 *(.fini0)
 .fini0         0x000035d4        0x4 d:/embaded_course/imt_embaded_materiels/01_embedded_systems_avr_tools/01__imt_sdk/imt_sdk_win_64/winavr/bin/../lib/gcc/avr/4.3.3/avr5\libgcc.a(_exit.o)
 *(.fini0)
                0x000035d8                _etext = .

.data           0x00800060      0x26a load address 0x000035d8
                0x00800060                PROVIDE (__data_start, .)
 *(.data)
 .data          0x00800060        0x0 d:/embaded_course/imt_embaded_materiels/01_embedded_systems_avr_tools/01__imt_sdk/imt_sdk_win_64/winavr/bin/../lib/gcc/avr/4.3.3/../../../../avr/lib/avr5/crtm32.o
 .data          0x00800060        0xa ./APPuser_program.o
 .data          0x0080006a        0x0 ./DIO_Program.o
 .data          0x0080006a        0x0 ./Dio.o
 .data          0x0080006a        0x0 ./GIE_program.o
 .data          0x0080006a        0x0 ./Lcd.o
 .data          0x0080006a        0x0 ./Timer1_program.o
 .data          0x0080006a        0x0 ./USART_program.o
 .data          0x0080006a      0x1e6 ./app2_program.o
 .data          0x00800250       0x72 ./main.o
 .data          0x008002c2        0x0 ./smart_door_program.o
 .data          0x008002c2        0x0 d:/embaded_course/imt_embaded_materiels/01_embedded_systems_avr_tools/01__imt_sdk/imt_sdk_win_64/winavr/bin/../lib/gcc/avr/4.3.3/avr5\libgcc.a(_mulsi3.o)
 .data          0x008002c2        0x0 d:/embaded_course/imt_embaded_materiels/01_embedded_systems_avr_tools/01__imt_sdk/imt_sdk_win_64/winavr/bin/../lib/gcc/avr/4.3.3/avr5\libgcc.a(_udivmodqi4.o)
 .data          0x008002c2        0x0 d:/embaded_course/imt_embaded_materiels/01_embedded_systems_avr_tools/01__imt_sdk/imt_sdk_win_64/winavr/bin/../lib/gcc/avr/4.3.3/avr5\libgcc.a(_udivmodsi4.o)
 .data          0x008002c2        0x0 d:/embaded_course/imt_embaded_materiels/01_embedded_systems_avr_tools/01__imt_sdk/imt_sdk_win_64/winavr/bin/../lib/gcc/avr/4.3.3/avr5\libgcc.a(_divmodsi4.o)
 .data          0x008002c2        0x0 d:/embaded_course/imt_embaded_materiels/01_embedded_systems_avr_tools/01__imt_sdk/imt_sdk_win_64/winavr/bin/../lib/gcc/avr/4.3.3/avr5\libgcc.a(_exit.o)
 .data          0x008002c2        0x0 d:/embaded_course/imt_embaded_materiels/01_embedded_systems_avr_tools/01__imt_sdk/imt_sdk_win_64/winavr/bin/../lib/gcc/avr/4.3.3/avr5\libgcc.a(_copy_data.o)
 .data          0x008002c2        0x0 d:/embaded_course/imt_embaded_materiels/01_embedded_systems_avr_tools/01__imt_sdk/imt_sdk_win_64/winavr/bin/../lib/gcc/avr/4.3.3/avr5\libgcc.a(_clear_bss.o)
 .data          0x008002c2        0x0 d:/embaded_course/imt_embaded_materiels/01_embedded_systems_avr_tools/01__imt_sdk/imt_sdk_win_64/winavr/bin/../lib/gcc/avr/4.3.3/avr5\libgcc.a(_fixunssfsi.o)
 .data          0x008002c2        0x0 d:/embaded_course/imt_embaded_materiels/01_embedded_systems_avr_tools/01__imt_sdk/imt_sdk_win_64/winavr/bin/../lib/gcc/avr/4.3.3/avr5\libgcc.a(_addsub_sf.o)
 .data          0x008002c2        0x0 d:/embaded_course/imt_embaded_materiels/01_embedded_systems_avr_tools/01__imt_sdk/imt_sdk_win_64/winavr/bin/../lib/gcc/avr/4.3.3/avr5\libgcc.a(_mul_sf.o)
 .data          0x008002c2        0x0 d:/embaded_course/imt_embaded_materiels/01_embedded_systems_avr_tools/01__imt_sdk/imt_sdk_win_64/winavr/bin/../lib/gcc/avr/4.3.3/avr5\libgcc.a(_gt_sf.o)
 .data          0x008002c2        0x0 d:/embaded_course/imt_embaded_materiels/01_embedded_systems_avr_tools/01__imt_sdk/imt_sdk_win_64/winavr/bin/../lib/gcc/avr/4.3.3/avr5\libgcc.a(_ge_sf.o)
 .data          0x008002c2        0x0 d:/embaded_course/imt_embaded_materiels/01_embedded_systems_avr_tools/01__imt_sdk/imt_sdk_win_64/winavr/bin/../lib/gcc/avr/4.3.3/avr5\libgcc.a(_lt_sf.o)
 .data          0x008002c2        0x0 d:/embaded_course/imt_embaded_materiels/01_embedded_systems_avr_tools/01__imt_sdk/imt_sdk_win_64/winavr/bin/../lib/gcc/avr/4.3.3/avr5\libgcc.a(_sf_to_si.o)
 .data          0x008002c2        0x8 d:/embaded_course/imt_embaded_materiels/01_embedded_systems_avr_tools/01__imt_sdk/imt_sdk_win_64/winavr/bin/../lib/gcc/avr/4.3.3/avr5\libgcc.a(_thenan_sf.o)
                0x008002c2                __thenan_sf
 .data          0x008002ca        0x0 d:/embaded_course/imt_embaded_materiels/01_embedded_systems_avr_tools/01__imt_sdk/imt_sdk_win_64/winavr/bin/../lib/gcc/avr/4.3.3/avr5\libgcc.a(_prologue.o)
 .data          0x008002ca        0x0 d:/embaded_course/imt_embaded_materiels/01_embedded_systems_avr_tools/01__imt_sdk/imt_sdk_win_64/winavr/bin/../lib/gcc/avr/4.3.3/avr5\libgcc.a(_epilogue.o)
 .data          0x008002ca        0x0 d:/embaded_course/imt_embaded_materiels/01_embedded_systems_avr_tools/01__imt_sdk/imt_sdk_win_64/winavr/bin/../lib/gcc/avr/4.3.3/avr5\libgcc.a(_pack_sf.o)
 .data          0x008002ca        0x0 d:/embaded_course/imt_embaded_materiels/01_embedded_systems_avr_tools/01__imt_sdk/imt_sdk_win_64/winavr/bin/../lib/gcc/avr/4.3.3/avr5\libgcc.a(_unpack_sf.o)
 .data          0x008002ca        0x0 d:/embaded_course/imt_embaded_materiels/01_embedded_systems_avr_tools/01__imt_sdk/imt_sdk_win_64/winavr/bin/../lib/gcc/avr/4.3.3/avr5\libgcc.a(_fpcmp_parts_sf.o)
 .data          0x008002ca        0x0 d:/embaded_course/imt_embaded_materiels/01_embedded_systems_avr_tools/01__imt_sdk/imt_sdk_win_64/winavr/bin/../lib/gcc/avr/4.3.3/../../../../avr/lib/avr5\libc.a(eerd_byte_atmega32.o)
 .data          0x008002ca        0x0 d:/embaded_course/imt_embaded_materiels/01_embedded_systems_avr_tools/01__imt_sdk/imt_sdk_win_64/winavr/bin/../lib/gcc/avr/4.3.3/../../../../avr/lib/avr5\libc.a(eewr_byte_atmega32.o)
 *(.data*)
 *(.rodata)
 *(.rodata*)
 *(.gnu.linkonce.d*)
                0x008002ca                . = ALIGN (0x2)
                0x008002ca                _edata = .
                0x008002ca                PROVIDE (__data_end, .)

.bss            0x008002ca        0x2
                0x008002ca                PROVIDE (__bss_start, .)
 *(.bss)
 .bss           0x008002ca        0x0 d:/embaded_course/imt_embaded_materiels/01_embedded_systems_avr_tools/01__imt_sdk/imt_sdk_win_64/winavr/bin/../lib/gcc/avr/4.3.3/../../../../avr/lib/avr5/crtm32.o
 .bss           0x008002ca        0x0 ./APPuser_program.o
 .bss           0x008002ca        0x0 ./DIO_Program.o
 .bss           0x008002ca        0x0 ./Dio.o
 .bss           0x008002ca        0x0 ./GIE_program.o
 .bss           0x008002ca        0x0 ./Lcd.o
 .bss           0x008002ca        0x0 ./Timer1_program.o
 .bss           0x008002ca        0x0 ./USART_program.o
 .bss           0x008002ca        0x0 ./app2_program.o
 .bss           0x008002ca        0x0 ./main.o
 .bss           0x008002ca        0x0 ./smart_door_program.o
 .bss           0x008002ca        0x0 d:/embaded_course/imt_embaded_materiels/01_embedded_systems_avr_tools/01__imt_sdk/imt_sdk_win_64/winavr/bin/../lib/gcc/avr/4.3.3/avr5\libgcc.a(_mulsi3.o)
 .bss           0x008002ca        0x0 d:/embaded_course/imt_embaded_materiels/01_embedded_systems_avr_tools/01__imt_sdk/imt_sdk_win_64/winavr/bin/../lib/gcc/avr/4.3.3/avr5\libgcc.a(_udivmodqi4.o)
 .bss           0x008002ca        0x0 d:/embaded_course/imt_embaded_materiels/01_embedded_systems_avr_tools/01__imt_sdk/imt_sdk_win_64/winavr/bin/../lib/gcc/avr/4.3.3/avr5\libgcc.a(_udivmodsi4.o)
 .bss           0x008002ca        0x0 d:/embaded_course/imt_embaded_materiels/01_embedded_systems_avr_tools/01__imt_sdk/imt_sdk_win_64/winavr/bin/../lib/gcc/avr/4.3.3/avr5\libgcc.a(_divmodsi4.o)
 .bss           0x008002ca        0x0 d:/embaded_course/imt_embaded_materiels/01_embedded_systems_avr_tools/01__imt_sdk/imt_sdk_win_64/winavr/bin/../lib/gcc/avr/4.3.3/avr5\libgcc.a(_exit.o)
 .bss           0x008002ca        0x0 d:/embaded_course/imt_embaded_materiels/01_embedded_systems_avr_tools/01__imt_sdk/imt_sdk_win_64/winavr/bin/../lib/gcc/avr/4.3.3/avr5\libgcc.a(_copy_data.o)
 .bss           0x008002ca        0x0 d:/embaded_course/imt_embaded_materiels/01_embedded_systems_avr_tools/01__imt_sdk/imt_sdk_win_64/winavr/bin/../lib/gcc/avr/4.3.3/avr5\libgcc.a(_clear_bss.o)
 .bss           0x008002ca        0x0 d:/embaded_course/imt_embaded_materiels/01_embedded_systems_avr_tools/01__imt_sdk/imt_sdk_win_64/winavr/bin/../lib/gcc/avr/4.3.3/avr5\libgcc.a(_fixunssfsi.o)
 .bss           0x008002ca        0x0 d:/embaded_course/imt_embaded_materiels/01_embedded_systems_avr_tools/01__imt_sdk/imt_sdk_win_64/winavr/bin/../lib/gcc/avr/4.3.3/avr5\libgcc.a(_addsub_sf.o)
 .bss           0x008002ca        0x0 d:/embaded_course/imt_embaded_materiels/01_embedded_systems_avr_tools/01__imt_sdk/imt_sdk_win_64/winavr/bin/../lib/gcc/avr/4.3.3/avr5\libgcc.a(_mul_sf.o)
 .bss           0x008002ca        0x0 d:/embaded_course/imt_embaded_materiels/01_embedded_systems_avr_tools/01__imt_sdk/imt_sdk_win_64/winavr/bin/../lib/gcc/avr/4.3.3/avr5\libgcc.a(_gt_sf.o)
 .bss           0x008002ca        0x0 d:/embaded_course/imt_embaded_materiels/01_embedded_systems_avr_tools/01__imt_sdk/imt_sdk_win_64/winavr/bin/../lib/gcc/avr/4.3.3/avr5\libgcc.a(_ge_sf.o)
 .bss           0x008002ca        0x0 d:/embaded_course/imt_embaded_materiels/01_embedded_systems_avr_tools/01__imt_sdk/imt_sdk_win_64/winavr/bin/../lib/gcc/avr/4.3.3/avr5\libgcc.a(_lt_sf.o)
 .bss           0x008002ca        0x0 d:/embaded_course/imt_embaded_materiels/01_embedded_systems_avr_tools/01__imt_sdk/imt_sdk_win_64/winavr/bin/../lib/gcc/avr/4.3.3/avr5\libgcc.a(_sf_to_si.o)
 .bss           0x008002ca        0x0 d:/embaded_course/imt_embaded_materiels/01_embedded_systems_avr_tools/01__imt_sdk/imt_sdk_win_64/winavr/bin/../lib/gcc/avr/4.3.3/avr5\libgcc.a(_thenan_sf.o)
 .bss           0x008002ca        0x0 d:/embaded_course/imt_embaded_materiels/01_embedded_systems_avr_tools/01__imt_sdk/imt_sdk_win_64/winavr/bin/../lib/gcc/avr/4.3.3/avr5\libgcc.a(_prologue.o)
 .bss           0x008002ca        0x0 d:/embaded_course/imt_embaded_materiels/01_embedded_systems_avr_tools/01__imt_sdk/imt_sdk_win_64/winavr/bin/../lib/gcc/avr/4.3.3/avr5\libgcc.a(_epilogue.o)
 .bss           0x008002ca        0x0 d:/embaded_course/imt_embaded_materiels/01_embedded_systems_avr_tools/01__imt_sdk/imt_sdk_win_64/winavr/bin/../lib/gcc/avr/4.3.3/avr5\libgcc.a(_pack_sf.o)
 .bss           0x008002ca        0x0 d:/embaded_course/imt_embaded_materiels/01_embedded_systems_avr_tools/01__imt_sdk/imt_sdk_win_64/winavr/bin/../lib/gcc/avr/4.3.3/avr5\libgcc.a(_unpack_sf.o)
 .bss           0x008002ca        0x0 d:/embaded_course/imt_embaded_materiels/01_embedded_systems_avr_tools/01__imt_sdk/imt_sdk_win_64/winavr/bin/../lib/gcc/avr/4.3.3/avr5\libgcc.a(_fpcmp_parts_sf.o)
 .bss           0x008002ca        0x0 d:/embaded_course/imt_embaded_materiels/01_embedded_systems_avr_tools/01__imt_sdk/imt_sdk_win_64/winavr/bin/../lib/gcc/avr/4.3.3/../../../../avr/lib/avr5\libc.a(eerd_byte_atmega32.o)
 .bss           0x008002ca        0x0 d:/embaded_course/imt_embaded_materiels/01_embedded_systems_avr_tools/01__imt_sdk/imt_sdk_win_64/winavr/bin/../lib/gcc/avr/4.3.3/../../../../avr/lib/avr5\libc.a(eewr_byte_atmega32.o)
 *(.bss*)
 .bss.TIMER1_pvGlobalCallBack
                0x008002ca        0x2 ./Timer1_program.o
                0x008002ca                TIMER1_pvGlobalCallBack
 *(COMMON)
                0x008002cc                PROVIDE (__bss_end, .)
                0x000035d8                __data_load_start = LOADADDR (.data)
                0x00003842                __data_load_end = (__data_load_start + SIZEOF (.data))

.noinit         0x008002cc        0x0
                0x008002cc                PROVIDE (__noinit_start, .)
 *(.noinit*)
                0x008002cc                PROVIDE (__noinit_end, .)
                0x008002cc                _end = .
                0x008002cc                PROVIDE (__heap_start, .)

.eeprom         0x00810000        0x0
 *(.eeprom*)
                0x00810000                __eeprom_end = .

.fuse
 *(.fuse)
 *(.lfuse)
 *(.hfuse)
 *(.efuse)

.lock
 *(.lock*)

.signature
 *(.signature*)

.stab           0x00000000     0x3588
 *(.stab)
 .stab          0x00000000      0xb64 ./APPuser_program.o
 .stab          0x00000b64      0x450 ./DIO_Program.o
                                0x4ec (size before relaxing)
 .stab          0x00000fb4      0x744 ./Dio.o
                                0x7e0 (size before relaxing)
 .stab          0x000016f8      0x144 ./GIE_program.o
                                0x1e0 (size before relaxing)
 .stab          0x0000183c      0xb28 ./Lcd.o
                                0xe58 (size before relaxing)
 .stab          0x00002364      0x408 ./Timer1_program.o
                                0x4a4 (size before relaxing)
 .stab          0x0000276c      0x21c ./USART_program.o
                                0x2b8 (size before relaxing)
 .stab          0x00002988      0x624 ./app2_program.o
                                0x774 (size before relaxing)
 .stab          0x00002fac      0x450 ./main.o
                                0x828 (size before relaxing)
 .stab          0x000033fc      0x18c ./smart_door_program.o
                                0x228 (size before relaxing)

.stabstr        0x00000000     0x1b23
 *(.stabstr)
 .stabstr       0x00000000     0x1b23 ./APPuser_program.o

.stab.excl
 *(.stab.excl)

.stab.exclstr
 *(.stab.exclstr)

.stab.index
 *(.stab.index)

.stab.indexstr
 *(.stab.indexstr)

.comment
 *(.comment)

.debug
 *(.debug)

.line
 *(.line)

.debug_srcinfo
 *(.debug_srcinfo)

.debug_sfnames
 *(.debug_sfnames)

.debug_aranges  0x00000000      0x140
 *(.debug_aranges)
 .debug_aranges
                0x00000000       0x20 d:/embaded_course/imt_embaded_materiels/01_embedded_systems_avr_tools/01__imt_sdk/imt_sdk_win_64/winavr/bin/../lib/gcc/avr/4.3.3/avr5\libgcc.a(_fixunssfsi.o)
 .debug_aranges
                0x00000020       0x20 d:/embaded_course/imt_embaded_materiels/01_embedded_systems_avr_tools/01__imt_sdk/imt_sdk_win_64/winavr/bin/../lib/gcc/avr/4.3.3/avr5\libgcc.a(_addsub_sf.o)
 .debug_aranges
                0x00000040       0x20 d:/embaded_course/imt_embaded_materiels/01_embedded_systems_avr_tools/01__imt_sdk/imt_sdk_win_64/winavr/bin/../lib/gcc/avr/4.3.3/avr5\libgcc.a(_mul_sf.o)
 .debug_aranges
                0x00000060       0x20 d:/embaded_course/imt_embaded_materiels/01_embedded_systems_avr_tools/01__imt_sdk/imt_sdk_win_64/winavr/bin/../lib/gcc/avr/4.3.3/avr5\libgcc.a(_gt_sf.o)
 .debug_aranges
                0x00000080       0x20 d:/embaded_course/imt_embaded_materiels/01_embedded_systems_avr_tools/01__imt_sdk/imt_sdk_win_64/winavr/bin/../lib/gcc/avr/4.3.3/avr5\libgcc.a(_ge_sf.o)
 .debug_aranges
                0x000000a0       0x20 d:/embaded_course/imt_embaded_materiels/01_embedded_systems_avr_tools/01__imt_sdk/imt_sdk_win_64/winavr/bin/../lib/gcc/avr/4.3.3/avr5\libgcc.a(_lt_sf.o)
 .debug_aranges
                0x000000c0       0x20 d:/embaded_course/imt_embaded_materiels/01_embedded_systems_avr_tools/01__imt_sdk/imt_sdk_win_64/winavr/bin/../lib/gcc/avr/4.3.3/avr5\libgcc.a(_sf_to_si.o)
 .debug_aranges
                0x000000e0       0x20 d:/embaded_course/imt_embaded_materiels/01_embedded_systems_avr_tools/01__imt_sdk/imt_sdk_win_64/winavr/bin/../lib/gcc/avr/4.3.3/avr5\libgcc.a(_pack_sf.o)
 .debug_aranges
                0x00000100       0x20 d:/embaded_course/imt_embaded_materiels/01_embedded_systems_avr_tools/01__imt_sdk/imt_sdk_win_64/winavr/bin/../lib/gcc/avr/4.3.3/avr5\libgcc.a(_unpack_sf.o)
 .debug_aranges
                0x00000120       0x20 d:/embaded_course/imt_embaded_materiels/01_embedded_systems_avr_tools/01__imt_sdk/imt_sdk_win_64/winavr/bin/../lib/gcc/avr/4.3.3/avr5\libgcc.a(_fpcmp_parts_sf.o)

.debug_pubnames
                0x00000000      0x170
 *(.debug_pubnames)
 .debug_pubnames
                0x00000000       0x23 d:/embaded_course/imt_embaded_materiels/01_embedded_systems_avr_tools/01__imt_sdk/imt_sdk_win_64/winavr/bin/../lib/gcc/avr/4.3.3/avr5\libgcc.a(_fixunssfsi.o)
 .debug_pubnames
                0x00000023       0x2c d:/embaded_course/imt_embaded_materiels/01_embedded_systems_avr_tools/01__imt_sdk/imt_sdk_win_64/winavr/bin/../lib/gcc/avr/4.3.3/avr5\libgcc.a(_addsub_sf.o)
 .debug_pubnames
                0x0000004f       0x1f d:/embaded_course/imt_embaded_materiels/01_embedded_systems_avr_tools/01__imt_sdk/imt_sdk_win_64/winavr/bin/../lib/gcc/avr/4.3.3/avr5\libgcc.a(_mul_sf.o)
 .debug_pubnames
                0x0000006e       0x1e d:/embaded_course/imt_embaded_materiels/01_embedded_systems_avr_tools/01__imt_sdk/imt_sdk_win_64/winavr/bin/../lib/gcc/avr/4.3.3/avr5\libgcc.a(_gt_sf.o)
 .debug_pubnames
                0x0000008c       0x1e d:/embaded_course/imt_embaded_materiels/01_embedded_systems_avr_tools/01__imt_sdk/imt_sdk_win_64/winavr/bin/../lib/gcc/avr/4.3.3/avr5\libgcc.a(_ge_sf.o)
 .debug_pubnames
                0x000000aa       0x1e d:/embaded_course/imt_embaded_materiels/01_embedded_systems_avr_tools/01__imt_sdk/imt_sdk_win_64/winavr/bin/../lib/gcc/avr/4.3.3/avr5\libgcc.a(_lt_sf.o)
 .debug_pubnames
                0x000000c8       0x20 d:/embaded_course/imt_embaded_materiels/01_embedded_systems_avr_tools/01__imt_sdk/imt_sdk_win_64/winavr/bin/../lib/gcc/avr/4.3.3/avr5\libgcc.a(_sf_to_si.o)
 .debug_pubnames
                0x000000e8       0x22 d:/embaded_course/imt_embaded_materiels/01_embedded_systems_avr_tools/01__imt_sdk/imt_sdk_win_64/winavr/bin/../lib/gcc/avr/4.3.3/avr5\libgcc.a(_thenan_sf.o)
 .debug_pubnames
                0x0000010a       0x1f d:/embaded_course/imt_embaded_materiels/01_embedded_systems_avr_tools/01__imt_sdk/imt_sdk_win_64/winavr/bin/../lib/gcc/avr/4.3.3/avr5\libgcc.a(_pack_sf.o)
 .debug_pubnames
                0x00000129       0x21 d:/embaded_course/imt_embaded_materiels/01_embedded_systems_avr_tools/01__imt_sdk/imt_sdk_win_64/winavr/bin/../lib/gcc/avr/4.3.3/avr5\libgcc.a(_unpack_sf.o)
 .debug_pubnames
                0x0000014a       0x26 d:/embaded_course/imt_embaded_materiels/01_embedded_systems_avr_tools/01__imt_sdk/imt_sdk_win_64/winavr/bin/../lib/gcc/avr/4.3.3/avr5\libgcc.a(_fpcmp_parts_sf.o)

.debug_info     0x00000000     0x1c49
 *(.debug_info)
 .debug_info    0x00000000       0xb1 d:/embaded_course/imt_embaded_materiels/01_embedded_systems_avr_tools/01__imt_sdk/imt_sdk_win_64/winavr/bin/../lib/gcc/avr/4.3.3/avr5\libgcc.a(_fixunssfsi.o)
 .debug_info    0x000000b1      0x47a d:/embaded_course/imt_embaded_materiels/01_embedded_systems_avr_tools/01__imt_sdk/imt_sdk_win_64/winavr/bin/../lib/gcc/avr/4.3.3/avr5\libgcc.a(_addsub_sf.o)
 .debug_info    0x0000052b      0x485 d:/embaded_course/imt_embaded_materiels/01_embedded_systems_avr_tools/01__imt_sdk/imt_sdk_win_64/winavr/bin/../lib/gcc/avr/4.3.3/avr5\libgcc.a(_mul_sf.o)
 .debug_info    0x000009b0      0x27f d:/embaded_course/imt_embaded_materiels/01_embedded_systems_avr_tools/01__imt_sdk/imt_sdk_win_64/winavr/bin/../lib/gcc/avr/4.3.3/avr5\libgcc.a(_gt_sf.o)
 .debug_info    0x00000c2f      0x27f d:/embaded_course/imt_embaded_materiels/01_embedded_systems_avr_tools/01__imt_sdk/imt_sdk_win_64/winavr/bin/../lib/gcc/avr/4.3.3/avr5\libgcc.a(_ge_sf.o)
 .debug_info    0x00000eae      0x27f d:/embaded_course/imt_embaded_materiels/01_embedded_systems_avr_tools/01__imt_sdk/imt_sdk_win_64/winavr/bin/../lib/gcc/avr/4.3.3/avr5\libgcc.a(_lt_sf.o)
 .debug_info    0x0000112d      0x2b0 d:/embaded_course/imt_embaded_materiels/01_embedded_systems_avr_tools/01__imt_sdk/imt_sdk_win_64/winavr/bin/../lib/gcc/avr/4.3.3/avr5\libgcc.a(_sf_to_si.o)
 .debug_info    0x000013dd      0x12c d:/embaded_course/imt_embaded_materiels/01_embedded_systems_avr_tools/01__imt_sdk/imt_sdk_win_64/winavr/bin/../lib/gcc/avr/4.3.3/avr5\libgcc.a(_thenan_sf.o)
 .debug_info    0x00001509      0x2df d:/embaded_course/imt_embaded_materiels/01_embedded_systems_avr_tools/01__imt_sdk/imt_sdk_win_64/winavr/bin/../lib/gcc/avr/4.3.3/avr5\libgcc.a(_pack_sf.o)
 .debug_info    0x000017e8      0x251 d:/embaded_course/imt_embaded_materiels/01_embedded_systems_avr_tools/01__imt_sdk/imt_sdk_win_64/winavr/bin/../lib/gcc/avr/4.3.3/avr5\libgcc.a(_unpack_sf.o)
 .debug_info    0x00001a39      0x210 d:/embaded_course/imt_embaded_materiels/01_embedded_systems_avr_tools/01__imt_sdk/imt_sdk_win_64/winavr/bin/../lib/gcc/avr/4.3.3/avr5\libgcc.a(_fpcmp_parts_sf.o)
 *(.gnu.linkonce.wi.*)

.debug_abbrev   0x00000000      0xeeb
 *(.debug_abbrev)
 .debug_abbrev  0x00000000       0x5d d:/embaded_course/imt_embaded_materiels/01_embedded_systems_avr_tools/01__imt_sdk/imt_sdk_win_64/winavr/bin/../lib/gcc/avr/4.3.3/avr5\libgcc.a(_fixunssfsi.o)
 .debug_abbrev  0x0000005d      0x1ea d:/embaded_course/imt_embaded_materiels/01_embedded_systems_avr_tools/01__imt_sdk/imt_sdk_win_64/winavr/bin/../lib/gcc/avr/4.3.3/avr5\libgcc.a(_addsub_sf.o)
 .debug_abbrev  0x00000247      0x21b d:/embaded_course/imt_embaded_materiels/01_embedded_systems_avr_tools/01__imt_sdk/imt_sdk_win_64/winavr/bin/../lib/gcc/avr/4.3.3/avr5\libgcc.a(_mul_sf.o)
 .debug_abbrev  0x00000462      0x15a d:/embaded_course/imt_embaded_materiels/01_embedded_systems_avr_tools/01__imt_sdk/imt_sdk_win_64/winavr/bin/../lib/gcc/avr/4.3.3/avr5\libgcc.a(_gt_sf.o)
 .debug_abbrev  0x000005bc      0x15a d:/embaded_course/imt_embaded_materiels/01_embedded_systems_avr_tools/01__imt_sdk/imt_sdk_win_64/winavr/bin/../lib/gcc/avr/4.3.3/avr5\libgcc.a(_ge_sf.o)
 .debug_abbrev  0x00000716      0x15a d:/embaded_course/imt_embaded_materiels/01_embedded_systems_avr_tools/01__imt_sdk/imt_sdk_win_64/winavr/bin/../lib/gcc/avr/4.3.3/avr5\libgcc.a(_lt_sf.o)
 .debug_abbrev  0x00000870      0x17f d:/embaded_course/imt_embaded_materiels/01_embedded_systems_avr_tools/01__imt_sdk/imt_sdk_win_64/winavr/bin/../lib/gcc/avr/4.3.3/avr5\libgcc.a(_sf_to_si.o)
 .debug_abbrev  0x000009ef       0xad d:/embaded_course/imt_embaded_materiels/01_embedded_systems_avr_tools/01__imt_sdk/imt_sdk_win_64/winavr/bin/../lib/gcc/avr/4.3.3/avr5\libgcc.a(_thenan_sf.o)
 .debug_abbrev  0x00000a9c      0x1c0 d:/embaded_course/imt_embaded_materiels/01_embedded_systems_avr_tools/01__imt_sdk/imt_sdk_win_64/winavr/bin/../lib/gcc/avr/4.3.3/avr5\libgcc.a(_pack_sf.o)
 .debug_abbrev  0x00000c5c      0x154 d:/embaded_course/imt_embaded_materiels/01_embedded_systems_avr_tools/01__imt_sdk/imt_sdk_win_64/winavr/bin/../lib/gcc/avr/4.3.3/avr5\libgcc.a(_unpack_sf.o)
 .debug_abbrev  0x00000db0      0x13b d:/embaded_course/imt_embaded_materiels/01_embedded_systems_avr_tools/01__imt_sdk/imt_sdk_win_64/winavr/bin/../lib/gcc/avr/4.3.3/avr5\libgcc.a(_fpcmp_parts_sf.o)

.debug_line     0x00000000      0xdad
 *(.debug_line)
 .debug_line    0x00000000       0xa7 d:/embaded_course/imt_embaded_materiels/01_embedded_systems_avr_tools/01__imt_sdk/imt_sdk_win_64/winavr/bin/../lib/gcc/avr/4.3.3/avr5\libgcc.a(_fixunssfsi.o)
 .debug_line    0x000000a7      0x2af d:/embaded_course/imt_embaded_materiels/01_embedded_systems_avr_tools/01__imt_sdk/imt_sdk_win_64/winavr/bin/../lib/gcc/avr/4.3.3/avr5\libgcc.a(_addsub_sf.o)
 .debug_line    0x00000356      0x239 d:/embaded_course/imt_embaded_materiels/01_embedded_systems_avr_tools/01__imt_sdk/imt_sdk_win_64/winavr/bin/../lib/gcc/avr/4.3.3/avr5\libgcc.a(_mul_sf.o)
 .debug_line    0x0000058f       0xd3 d:/embaded_course/imt_embaded_materiels/01_embedded_systems_avr_tools/01__imt_sdk/imt_sdk_win_64/winavr/bin/../lib/gcc/avr/4.3.3/avr5\libgcc.a(_gt_sf.o)
 .debug_line    0x00000662       0xd3 d:/embaded_course/imt_embaded_materiels/01_embedded_systems_avr_tools/01__imt_sdk/imt_sdk_win_64/winavr/bin/../lib/gcc/avr/4.3.3/avr5\libgcc.a(_ge_sf.o)
 .debug_line    0x00000735       0xd3 d:/embaded_course/imt_embaded_materiels/01_embedded_systems_avr_tools/01__imt_sdk/imt_sdk_win_64/winavr/bin/../lib/gcc/avr/4.3.3/avr5\libgcc.a(_lt_sf.o)
 .debug_line    0x00000808      0x109 d:/embaded_course/imt_embaded_materiels/01_embedded_systems_avr_tools/01__imt_sdk/imt_sdk_win_64/winavr/bin/../lib/gcc/avr/4.3.3/avr5\libgcc.a(_sf_to_si.o)
 .debug_line    0x00000911       0x90 d:/embaded_course/imt_embaded_materiels/01_embedded_systems_avr_tools/01__imt_sdk/imt_sdk_win_64/winavr/bin/../lib/gcc/avr/4.3.3/avr5\libgcc.a(_thenan_sf.o)
 .debug_line    0x000009a1      0x18a d:/embaded_course/imt_embaded_materiels/01_embedded_systems_avr_tools/01__imt_sdk/imt_sdk_win_64/winavr/bin/../lib/gcc/avr/4.3.3/avr5\libgcc.a(_pack_sf.o)
 .debug_line    0x00000b2b      0x14b d:/embaded_course/imt_embaded_materiels/01_embedded_systems_avr_tools/01__imt_sdk/imt_sdk_win_64/winavr/bin/../lib/gcc/avr/4.3.3/avr5\libgcc.a(_unpack_sf.o)
 .debug_line    0x00000c76      0x137 d:/embaded_course/imt_embaded_materiels/01_embedded_systems_avr_tools/01__imt_sdk/imt_sdk_win_64/winavr/bin/../lib/gcc/avr/4.3.3/avr5\libgcc.a(_fpcmp_parts_sf.o)

.debug_frame    0x00000000      0x160
 *(.debug_frame)
 .debug_frame   0x00000000       0x20 d:/embaded_course/imt_embaded_materiels/01_embedded_systems_avr_tools/01__imt_sdk/imt_sdk_win_64/winavr/bin/../lib/gcc/avr/4.3.3/avr5\libgcc.a(_fixunssfsi.o)
 .debug_frame   0x00000020       0x40 d:/embaded_course/imt_embaded_materiels/01_embedded_systems_avr_tools/01__imt_sdk/imt_sdk_win_64/winavr/bin/../lib/gcc/avr/4.3.3/avr5\libgcc.a(_addsub_sf.o)
 .debug_frame   0x00000060       0x20 d:/embaded_course/imt_embaded_materiels/01_embedded_systems_avr_tools/01__imt_sdk/imt_sdk_win_64/winavr/bin/../lib/gcc/avr/4.3.3/avr5\libgcc.a(_mul_sf.o)
 .debug_frame   0x00000080       0x20 d:/embaded_course/imt_embaded_materiels/01_embedded_systems_avr_tools/01__imt_sdk/imt_sdk_win_64/winavr/bin/../lib/gcc/avr/4.3.3/avr5\libgcc.a(_gt_sf.o)
 .debug_frame   0x000000a0       0x20 d:/embaded_course/imt_embaded_materiels/01_embedded_systems_avr_tools/01__imt_sdk/imt_sdk_win_64/winavr/bin/../lib/gcc/avr/4.3.3/avr5\libgcc.a(_ge_sf.o)
 .debug_frame   0x000000c0       0x20 d:/embaded_course/imt_embaded_materiels/01_embedded_systems_avr_tools/01__imt_sdk/imt_sdk_win_64/winavr/bin/../lib/gcc/avr/4.3.3/avr5\libgcc.a(_lt_sf.o)
 .debug_frame   0x000000e0       0x20 d:/embaded_course/imt_embaded_materiels/01_embedded_systems_avr_tools/01__imt_sdk/imt_sdk_win_64/winavr/bin/../lib/gcc/avr/4.3.3/avr5\libgcc.a(_sf_to_si.o)
 .debug_frame   0x00000100       0x20 d:/embaded_course/imt_embaded_materiels/01_embedded_systems_avr_tools/01__imt_sdk/imt_sdk_win_64/winavr/bin/../lib/gcc/avr/4.3.3/avr5\libgcc.a(_pack_sf.o)
 .debug_frame   0x00000120       0x20 d:/embaded_course/imt_embaded_materiels/01_embedded_systems_avr_tools/01__imt_sdk/imt_sdk_win_64/winavr/bin/../lib/gcc/avr/4.3.3/avr5\libgcc.a(_unpack_sf.o)
 .debug_frame   0x00000140       0x20 d:/embaded_course/imt_embaded_materiels/01_embedded_systems_avr_tools/01__imt_sdk/imt_sdk_win_64/winavr/bin/../lib/gcc/avr/4.3.3/avr5\libgcc.a(_fpcmp_parts_sf.o)

.debug_str      0x00000000      0x28d
 *(.debug_str)
 .debug_str     0x00000000       0xbf d:/embaded_course/imt_embaded_materiels/01_embedded_systems_avr_tools/01__imt_sdk/imt_sdk_win_64/winavr/bin/../lib/gcc/avr/4.3.3/avr5\libgcc.a(_fixunssfsi.o)
                                 0xfe (size before relaxing)
 .debug_str     0x000000bf      0x14d d:/embaded_course/imt_embaded_materiels/01_embedded_systems_avr_tools/01__imt_sdk/imt_sdk_win_64/winavr/bin/../lib/gcc/avr/4.3.3/avr5\libgcc.a(_addsub_sf.o)
                                0x206 (size before relaxing)
 .debug_str     0x0000020c       0x27 d:/embaded_course/imt_embaded_materiels/01_embedded_systems_avr_tools/01__imt_sdk/imt_sdk_win_64/winavr/bin/../lib/gcc/avr/4.3.3/avr5\libgcc.a(_mul_sf.o)
                                0x1bf (size before relaxing)
 .debug_str     0x00000233        0xf d:/embaded_course/imt_embaded_materiels/01_embedded_systems_avr_tools/01__imt_sdk/imt_sdk_win_64/winavr/bin/../lib/gcc/avr/4.3.3/avr5\libgcc.a(_gt_sf.o)
                                0x195 (size before relaxing)
 .debug_str     0x00000242        0x8 d:/embaded_course/imt_embaded_materiels/01_embedded_systems_avr_tools/01__imt_sdk/imt_sdk_win_64/winavr/bin/../lib/gcc/avr/4.3.3/avr5\libgcc.a(_ge_sf.o)
                                0x195 (size before relaxing)
 .debug_str     0x0000024a        0x8 d:/embaded_course/imt_embaded_materiels/01_embedded_systems_avr_tools/01__imt_sdk/imt_sdk_win_64/winavr/bin/../lib/gcc/avr/4.3.3/avr5\libgcc.a(_lt_sf.o)
                                0x195 (size before relaxing)
 .debug_str     0x00000252        0xa d:/embaded_course/imt_embaded_materiels/01_embedded_systems_avr_tools/01__imt_sdk/imt_sdk_win_64/winavr/bin/../lib/gcc/avr/4.3.3/avr5\libgcc.a(_sf_to_si.o)
                                0x19e (size before relaxing)
 .debug_str     0x00000000      0x103 d:/embaded_course/imt_embaded_materiels/01_embedded_systems_avr_tools/01__imt_sdk/imt_sdk_win_64/winavr/bin/../lib/gcc/avr/4.3.3/avr5\libgcc.a(_thenan_sf.o)
 .debug_str     0x0000025c       0x16 d:/embaded_course/imt_embaded_materiels/01_embedded_systems_avr_tools/01__imt_sdk/imt_sdk_win_64/winavr/bin/../lib/gcc/avr/4.3.3/avr5\libgcc.a(_pack_sf.o)
                                0x19d (size before relaxing)
 .debug_str     0x00000272        0xb d:/embaded_course/imt_embaded_materiels/01_embedded_systems_avr_tools/01__imt_sdk/imt_sdk_win_64/winavr/bin/../lib/gcc/avr/4.3.3/avr5\libgcc.a(_unpack_sf.o)
                                0x17f (size before relaxing)
 .debug_str     0x0000027d       0x10 d:/embaded_course/imt_embaded_materiels/01_embedded_systems_avr_tools/01__imt_sdk/imt_sdk_win_64/winavr/bin/../lib/gcc/avr/4.3.3/avr5\libgcc.a(_fpcmp_parts_sf.o)
                                0x163 (size before relaxing)

.debug_loc      0x00000000      0x7ce
 *(.debug_loc)
 .debug_loc     0x00000000       0x34 d:/embaded_course/imt_embaded_materiels/01_embedded_systems_avr_tools/01__imt_sdk/imt_sdk_win_64/winavr/bin/../lib/gcc/avr/4.3.3/avr5\libgcc.a(_fixunssfsi.o)
 .debug_loc     0x00000034      0x32a d:/embaded_course/imt_embaded_materiels/01_embedded_systems_avr_tools/01__imt_sdk/imt_sdk_win_64/winavr/bin/../lib/gcc/avr/4.3.3/avr5\libgcc.a(_addsub_sf.o)
 .debug_loc     0x0000035e      0x104 d:/embaded_course/imt_embaded_materiels/01_embedded_systems_avr_tools/01__imt_sdk/imt_sdk_win_64/winavr/bin/../lib/gcc/avr/4.3.3/avr5\libgcc.a(_mul_sf.o)
 .debug_loc     0x00000462       0x3c d:/embaded_course/imt_embaded_materiels/01_embedded_systems_avr_tools/01__imt_sdk/imt_sdk_win_64/winavr/bin/../lib/gcc/avr/4.3.3/avr5\libgcc.a(_gt_sf.o)
 .debug_loc     0x0000049e       0x3c d:/embaded_course/imt_embaded_materiels/01_embedded_systems_avr_tools/01__imt_sdk/imt_sdk_win_64/winavr/bin/../lib/gcc/avr/4.3.3/avr5\libgcc.a(_ge_sf.o)
 .debug_loc     0x000004da       0x3c d:/embaded_course/imt_embaded_materiels/01_embedded_systems_avr_tools/01__imt_sdk/imt_sdk_win_64/winavr/bin/../lib/gcc/avr/4.3.3/avr5\libgcc.a(_lt_sf.o)
 .debug_loc     0x00000516       0x7e d:/embaded_course/imt_embaded_materiels/01_embedded_systems_avr_tools/01__imt_sdk/imt_sdk_win_64/winavr/bin/../lib/gcc/avr/4.3.3/avr5\libgcc.a(_sf_to_si.o)
 .debug_loc     0x00000594      0x13e d:/embaded_course/imt_embaded_materiels/01_embedded_systems_avr_tools/01__imt_sdk/imt_sdk_win_64/winavr/bin/../lib/gcc/avr/4.3.3/avr5\libgcc.a(_pack_sf.o)
 .debug_loc     0x000006d2       0xac d:/embaded_course/imt_embaded_materiels/01_embedded_systems_avr_tools/01__imt_sdk/imt_sdk_win_64/winavr/bin/../lib/gcc/avr/4.3.3/avr5\libgcc.a(_unpack_sf.o)
 .debug_loc     0x0000077e       0x50 d:/embaded_course/imt_embaded_materiels/01_embedded_systems_avr_tools/01__imt_sdk/imt_sdk_win_64/winavr/bin/../lib/gcc/avr/4.3.3/avr5\libgcc.a(_fpcmp_parts_sf.o)

.debug_macinfo
 *(.debug_macinfo)
OUTPUT(SmartHome_testing.elf elf32-avr)
LOAD linker stubs

.debug_ranges   0x00000000       0x50
 .debug_ranges  0x00000000       0x50 d:/embaded_course/imt_embaded_materiels/01_embedded_systems_avr_tools/01__imt_sdk/imt_sdk_win_64/winavr/bin/../lib/gcc/avr/4.3.3/avr5\libgcc.a(_mul_sf.o)
